// Jest Snapshot v1, https://goo.gl/fbAQLP

exports[`renders correctly 1`] = `
Array [
  <nav
    className="flex w-full justify-between border-b  border-gray-100 items-center"
  >
    <header>
      <div
        className="px-4 py-2 mx-auto max-w-screen-xl  sm:px-6 lg:px-8"
      >
        <div
          className="sm:justify-between sm:items-center sm:flex"
        >
          <div
            className="text-center sm:text-left"
          >
            <h1
              className="text-lg font-bold text-gray-900 sm:text-3xl"
            >
              MM
              <svg
                className=" inline mx-2 mb-1"
                fill="currentColor"
                height="1em"
                stroke="currentColor"
                strokeWidth="0"
                style={
                  Object {
                    "color": undefined,
                  }
                }
                version="1.1"
                viewBox="0 0 16 16"
                width="1em"
                xmlns="http://www.w3.org/2000/svg"
              >
                <path
                  d="M6 1h-5c-0.55 0-1 0.45-1 1v5c0 0.55 0.45 1 1 1h5c0.55 0 1-0.45 1-1v-5c0-0.55-0.45-1-1-1zM6 5h-5v-1h5v1zM14 1h-5c-0.55 0-1 0.45-1 1v13c0 0.55 0.45 1 1 1h5c0.55 0 1-0.45 1-1v-13c0-0.55-0.45-1-1-1zM14 10h-5v-1h5v1zM14 7h-5v-1h5v1zM6 9h-5c-0.55 0-1 0.45-1 1v5c0 0.55 0.45 1 1 1h5c0.55 0 1-0.45 1-1v-5c0-0.55-0.45-1-1-1zM6 13h-2v2h-1v-2h-2v-1h2v-2h1v2h2v1z"
                />
              </svg>
            </h1>
          </div>
        </div>
      </div>
    </header>
    <ul
      className="flex px-1 sm:px-4 gap-2 md:gap-4 "
    >
      <li
        className="flex-1 relative"
      >
        <a
          href="/"
          onClick={[Function]}
        >
          <div
            className="flex items-center justify-center gap-1 text-gray-900 hover:text-orange-600 transition-all ease-in-out duration-200"
          >
            <span
              className="ml-3 text-sm font-medium "
            >
              Home
            </span>
            <svg
              fill="currentColor"
              height="1em"
              stroke="currentColor"
              strokeWidth="0"
              style={
                Object {
                  "color": undefined,
                }
              }
              viewBox="0 0 512 512"
              width="1em"
              xmlns="http://www.w3.org/2000/svg"
            >
              <path
                d="M372 48H140c-17.7 0-32 14.3-32 32v352c0 17.7 14.3 32 32 32h232c17.7 0 32-14.3 32-32V80c0-17.7-14.3-32-32-32zm-12 272v80c0 13.3-10.7 24-24 24s-24-10.7-24-24v-80c0-13.3 10.7-24 24-24s24 10.7 24 24zm0-80c0 13.3-10.7 24-24 24s-24-10.7-24-24 10.7-24 24-24 24 10.7 24 24zm-80 160c0 13.3-10.7 24-24 24s-24-10.7-24-24 10.7-24 24-24 24 10.7 24 24zm0-80c0 13.3-10.7 24-24 24s-24-10.7-24-24 10.7-24 24-24 24 10.7 24 24zm0-80c0 13.3-10.7 24-24 24s-24-10.7-24-24 10.7-24 24-24 24 10.7 24 24zm-80 160c0 13.3-10.7 24-24 24s-24-10.7-24-24 10.7-24 24-24 24 10.7 24 24zm0-80c0 13.3-10.7 24-24 24s-24-10.7-24-24 10.7-24 24-24 24 10.7 24 24zm0-80c0 13.3-10.7 24-24 24s-24-10.7-24-24 10.7-24 24-24 24 10.7 24 24zm-48-80v-48c0-8.8 7.2-16 16-16h176c8.8 0 16 7.2 16 16v48c0 8.8-7.2 16-16 16H168c-8.8 0-16-7.2-16-16z"
              />
            </svg>
          </div>
        </a>
        <span
          className="absolute -bottom-[12px] sm:-bottom-[19px] left-0 w-full h-[1px] bg-[#F5913E]"
        />
      </li>
      <li
        className="flex-1 relative"
      >
        <a
          href="/about"
          onClick={[Function]}
        >
          <div
            className="flex items-center justify-center gap-1 text-gray-900 hover:text-orange-600 transition-all ease-in-out duration-200"
          >
            <span
              className="ml-3 text-sm font-medium "
            >
              About
            </span>
            <svg
              fill="currentColor"
              height="1em"
              stroke="currentColor"
              strokeWidth="0"
              style={
                Object {
                  "color": undefined,
                }
              }
              viewBox="0 0 1024 1024"
              width="1em"
              xmlns="http://www.w3.org/2000/svg"
            >
              <path
                d="M880 112H144c-17.7 0-32 14.3-32 32v736c0 17.7 14.3 32 32 32h736c17.7 0 32-14.3 32-32V144c0-17.7-14.3-32-32-32zM380 696c-22.1 0-40-17.9-40-40s17.9-40 40-40 40 17.9 40 40-17.9 40-40 40zm0-144c-22.1 0-40-17.9-40-40s17.9-40 40-40 40 17.9 40 40-17.9 40-40 40zm0-144c-22.1 0-40-17.9-40-40s17.9-40 40-40 40 17.9 40 40-17.9 40-40 40zm304 272c0 4.4-3.6 8-8 8H492c-4.4 0-8-3.6-8-8v-48c0-4.4 3.6-8 8-8h184c4.4 0 8 3.6 8 8v48zm0-144c0 4.4-3.6 8-8 8H492c-4.4 0-8-3.6-8-8v-48c0-4.4 3.6-8 8-8h184c4.4 0 8 3.6 8 8v48zm0-144c0 4.4-3.6 8-8 8H492c-4.4 0-8-3.6-8-8v-48c0-4.4 3.6-8 8-8h184c4.4 0 8 3.6 8 8v48z"
              />
            </svg>
          </div>
        </a>
      </li>
      <li
        className="flex-1 relative"
      >
        <a
          href="/qoute"
          onClick={[Function]}
        >
          <div
            className="flex items-center justify-center gap-1 text-gray-900 hover:text-orange-600 transition-all ease-in-out duration-200"
          >
            <span
              className="ml-3 text-sm font-medium "
            >
              Quote
            </span>
            <svg
              fill="currentColor"
              height="1em"
              stroke="currentColor"
              strokeWidth="0"
              style={
                Object {
                  "color": undefined,
                }
              }
              viewBox="0 0 16 16"
              width="1em"
              xmlns="http://www.w3.org/2000/svg"
            >
              <path
                d="M14 1a1 1 0 0 1 1 1v8a1 1 0 0 1-1 1H4.414A2 2 0 0 0 3 11.586l-2 2V2a1 1 0 0 1 1-1h12zM2 0a2 2 0 0 0-2 2v12.793a.5.5 0 0 0 .854.353l2.853-2.853A1 1 0 0 1 4.414 12H14a2 2 0 0 0 2-2V2a2 2 0 0 0-2-2H2z"
              />
              <path
                d="M7.066 4.76A1.665 1.665 0 0 0 4 5.668a1.667 1.667 0 0 0 2.561 1.406c-.131.389-.375.804-.777 1.22a.417.417 0 1 0 .6.58c1.486-1.54 1.293-3.214.682-4.112zm4 0A1.665 1.665 0 0 0 8 5.668a1.667 1.667 0 0 0 2.561 1.406c-.131.389-.375.804-.777 1.22a.417.417 0 1 0 .6.58c1.486-1.54 1.293-3.214.682-4.112z"
              />
            </svg>
          </div>
        </a>
      </li>
    </ul>
  </nav>,
  " ",
]
`;
